heartbeat 1
heartbeat 2
heartbeat 3
heartbeat 4
heartbeat 5
heartbeat 6
heartbeat 7
heartbeat 8
heartbeat 9
heartbeat 10
heartbeat 11
heartbeat 12
heartbeat 13
heartbeat 14
heartbeat 15
heartbeat 16
heartbeat 17
heartbeat 18
heartbeat 19
heartbeat 20
heartbeat 21
heartbeat 22
heartbeat 23
heartbeat 24
heartbeat 25
heartbeat 26
heartbeat 27
heartbeat 28
heartbeat 29
heartbeat 30
heartbeat 31
heartbeat 32
heartbeat 33
heartbeat 34
heartbeat 35
heartbeat 36
heartbeat 37
heartbeat 38
heartbeat 39
heartbeat 40
heartbeat 41
heartbeat 42
heartbeat 43
heartbeat 44
heartbeat 45
heartbeat 46
heartbeat 47
heartbeat 48
heartbeat 49
heartbeat 50
heartbeat 51
heartbeat 52
heartbeat 53
heartbeat 54
heartbeat 55
heartbeat 56
heartbeat 57
heartbeat 58
heartbeat 59
heartbeat 60
heartbeat 61
heartbeat 62
heartbeat 63
heartbeat 64
heartbeat 65
heartbeat 66
heartbeat 67
heartbeat 68
heartbeat 69
heartbeat 70
heartbeat 71
