test_all_existing_primary_surfaces_link_to_workspace (tests.test_workspace_ui.WorkspaceUIContractTests.test_all_existing_primary_surfaces_link_to_workspace) ... ok
test_compact_workflow_graph_reports_hidden_llm_work (tests.test_workspace_ui.WorkspaceUIContractTests.test_compact_workflow_graph_reports_hidden_llm_work) ... ok
test_conversation_title_is_inline_renameable (tests.test_workspace_ui.WorkspaceUIContractTests.test_conversation_title_is_inline_renameable) ... ok
test_endeavors_visibly_contain_conversations_in_one_navigation_tree (tests.test_workspace_ui.WorkspaceUIContractTests.test_endeavors_visibly_contain_conversations_in_one_navigation_tree) ... ok
test_expanded_workflow_overlays_can_be_dragged_and_resized (tests.test_workspace_ui.WorkspaceUIContractTests.test_expanded_workflow_overlays_can_be_dragged_and_resized) ... ok
test_network_failure_explains_an_expired_workspace_server (tests.test_workspace_ui.WorkspaceUIContractTests.test_network_failure_explains_an_expired_workspace_server) ... ok
test_new_chat_uses_one_markdown_terminal_without_a_title_gate (tests.test_workspace_ui.WorkspaceUIContractTests.test_new_chat_uses_one_markdown_terminal_without_a_title_gate) ... ok
test_nodes_are_draggable_without_recalculating_conversation_content (tests.test_workspace_ui.WorkspaceUIContractTests.test_nodes_are_draggable_without_recalculating_conversation_content) ... ok
test_pending_governed_action_is_decided_and_continued_inline (tests.test_workspace_ui.WorkspaceUIContractTests.test_pending_governed_action_is_decided_and_continued_inline) ... ok
test_prompt_terminal_uses_a_measured_block_cursor (tests.test_workspace_ui.WorkspaceUIContractTests.test_prompt_terminal_uses_a_measured_block_cursor) ... ok
test_terminal_makes_both_message_fields_editable_and_recalculates (tests.test_workspace_ui.WorkspaceUIContractTests.test_terminal_makes_both_message_fields_editable_and_recalculates) ... ok
test_unpinned_workflow_overlays_morph_back_and_pinned_overlays_stack (tests.test_workspace_ui.WorkspaceUIContractTests.test_unpinned_workflow_overlays_morph_back_and_pinned_overlays_stack) ... ok
test_workflow_instances_are_observed_graphs_with_lazy_full_evidence (tests.test_workspace_ui.WorkspaceUIContractTests.test_workflow_instances_are_observed_graphs_with_lazy_full_evidence) ... ok
test_workflow_palette_covers_ensemble_context_human_and_stores (tests.test_workspace_ui.WorkspaceUIContractTests.test_workflow_palette_covers_ensemble_context_human_and_stores) ... ok
test_workspace_is_a_downward_nested_conversation_graph (tests.test_workspace_ui.WorkspaceUIContractTests.test_workspace_is_a_downward_nested_conversation_graph) ... ok
test_workspace_never_exposes_an_execution_backend_selector (tests.test_workspace_ui.WorkspaceUIContractTests.test_workspace_never_exposes_an_execution_backend_selector) ... ok
test_bootstrap_creation_graph_and_store_routes (tests.test_workspace_routes.WorkspaceRouteTests.test_bootstrap_creation_graph_and_store_routes) ... ok
test_ungrouped_history_is_a_conversation_not_an_endeavor (tests.test_workspace_routes.WorkspaceRouteTests.test_ungrouped_history_is_a_conversation_not_an_endeavor) ... ok
test_untitled_conversation_is_created_then_renameable (tests.test_workspace_routes.WorkspaceRouteTests.test_untitled_conversation_is_created_then_renameable) ... ok
test_workflow_execution_exposes_path_counts_and_lazy_model_io (tests.test_workspace_routes.WorkspaceRouteTests.test_workflow_execution_exposes_path_counts_and_lazy_model_io) ... ok
test_workspace_conversation_is_not_duplicated_as_history_endeavor (tests.test_workspace_routes.WorkspaceRouteTests.test_workspace_conversation_is_not_duplicated_as_history_endeavor) ... ok
test_workspace_page_is_served_as_the_primary_product_surface (tests.test_workspace_routes.WorkspaceRouteTests.test_workspace_page_is_served_as_the_primary_product_surface) ... ok
test_workspace_scopes_pending_action_and_continues_after_decision (tests.test_workspace_routes.WorkspaceRouteTests.test_workspace_scopes_pending_action_and_continues_after_decision) ... ok
test_drag_position_does_not_invalidate_or_reexecute_the_graph (tests.test_workspace_service.WorkspaceServiceTests.test_drag_position_does_not_invalidate_or_reexecute_the_graph) ... ok
test_durable_pending_action_pauses_at_inline_human_approval (tests.test_workspace_service.WorkspaceServiceTests.test_durable_pending_action_pauses_at_inline_human_approval) ... ok
test_edit_automatically_recalculates_dependent_assistant_nodes (tests.test_workspace_service.WorkspaceServiceTests.test_edit_automatically_recalculates_dependent_assistant_nodes) ... ok
test_first_response_gets_an_llm_title_but_human_title_wins (tests.test_workspace_service.WorkspaceServiceTests.test_first_response_gets_an_llm_title_but_human_title_wins) ... ok
test_human_input_node_pauses_before_any_model_call (tests.test_workspace_service.WorkspaceServiceTests.test_human_input_node_pauses_before_any_model_call) ... ok
test_pause_cancels_in_flight_message_without_releasing_output (tests.test_workspace_service.WorkspaceServiceTests.test_pause_cancels_in_flight_message_without_releasing_output) ... ok
test_per_message_ensemble_runs_same_model_with_varied_temperatures (tests.test_workspace_service.WorkspaceServiceTests.test_per_message_ensemble_runs_same_model_with_varied_temperatures) ... ok
test_provider_outage_is_failed_not_verified_completion (tests.test_workspace_service.WorkspaceServiceTests.test_provider_outage_is_failed_not_verified_completion) ... ok

----------------------------------------------------------------------
Ran 31 tests in 1.113s

OK
